// Jest Snapshot v1, https://goo.gl/fbAQLP

exports[`Should RoomInfo render correctly 1`] = `
<section
  className="property"
>
  <div
    className="property__gallery-container container"
  >
    <div
      className="property__gallery"
    >
      <div
        className="property__image-wrapper"
      >
        <img
          alt="Photo studio"
          className="property__image"
          src="https://assets.htmlacademy.ru/intensives/javascript-3/hotel/15.jpg"
        />
      </div>
      <div
        className="property__image-wrapper"
      >
        <img
          alt="Photo studio"
          className="property__image"
          src="https://assets.htmlacademy.ru/intensives/javascript-3/hotel/16.jpg"
        />
      </div>
      <div
        className="property__image-wrapper"
      >
        <img
          alt="Photo studio"
          className="property__image"
          src="https://assets.htmlacademy.ru/intensives/javascript-3/hotel/9.jpg"
        />
      </div>
      <div
        className="property__image-wrapper"
      >
        <img
          alt="Photo studio"
          className="property__image"
          src="https://assets.htmlacademy.ru/intensives/javascript-3/hotel/10.jpg"
        />
      </div>
      <div
        className="property__image-wrapper"
      >
        <img
          alt="Photo studio"
          className="property__image"
          src="https://assets.htmlacademy.ru/intensives/javascript-3/hotel/4.jpg"
        />
      </div>
      <div
        className="property__image-wrapper"
      >
        <img
          alt="Photo studio"
          className="property__image"
          src="https://assets.htmlacademy.ru/intensives/javascript-3/hotel/19.jpg"
        />
      </div>
    </div>
  </div>
  <div
    className="property__container container"
  >
    <div
      className="property__wrapper"
    >
      
      <div
        className="property__name-wrapper"
      >
        <h1
          className="property__name"
        >
          The house among olive
        </h1>
        <button
          className=" property__bookmark-button button"
          onClick={[Function]}
          type="button"
        >
          <svg
            className="place-card__bookmark-icon"
            height={33}
            width={31}
          >
            <use
              xlinkHref="#icon-bookmark"
            />
          </svg>
          <span
            className="visually-hidden"
          >
            To bookmarks
          </span>
        </button>
      </div>
      <div
        className="property__rating rating"
      >
        <div
          className="property__stars rating__stars"
        >
          <span
            style={
              Object {
                "width": "80%",
              }
            }
          />
          <span
            className="visually-hidden"
          >
            Rating
          </span>
        </div>
        <span
          className="property__rating-value rating__value"
        >
          3.8
        </span>
      </div>
      <ul
        className="property__features"
      >
        <li
          className="property__feature property__feature--entire"
        >
          house
        </li>
        <li
          className="property__feature property__feature--bedrooms"
        >
          3
           Bedrooms
        </li>
        <li
          className="property__feature property__feature--adults"
        >
          Max 
          4
           adults
        </li>
      </ul>
      <div
        className="property__price"
      >
        <b
          className="property__price-value"
        >
          €
          493
        </b>
        <span
          className="property__price-text"
        >
           night
        </span>
      </div>
      <div
        className="property__inside"
      >
        <h2
          className="property__inside-title"
        >
          What's inside
        </h2>
        <ul
          className="property__inside-list"
        >
          <li
            className="property__inside-item"
          >
            Laptop friendly workspace
          </li>
          <li
            className="property__inside-item"
          >
            Washer
          </li>
          <li
            className="property__inside-item"
          >
            Towels
          </li>
          <li
            className="property__inside-item"
          >
            Fridge
          </li>
          <li
            className="property__inside-item"
          >
            Air conditioning
          </li>
          <li
            className="property__inside-item"
          >
            Baby seat
          </li>
          <li
            className="property__inside-item"
          >
            Breakfast
          </li>
        </ul>
      </div>
      <div
        className="property__host"
      >
        <h2
          className="property__host-title"
        >
          Meet the host
        </h2>
        <div
          className="property__host-user user"
        >
          <div
            className="property__avatar-wrapper property__avatar-wrapper--pro user__avatar-wrapper"
          >
            <img
              alt="Host avatar"
              className="property__avatar user__avatar"
              height="74"
              src="img/avatar-angelina.jpg"
              width="74"
            />
          </div>
          <span
            className="property__user-name"
          >
            Angelina
          </span>
        </div>
        <div
          className="property__description"
        >
          <p
            className="property__text"
          >
            Discover daily local life in city center, friendly neighborhood, clandestine casino, karaoke, old-style artisans, art gallery and artist studio downstairs.
          </p>
        </div>
      </div>
      <section
        className="property__reviews reviews"
      >
        <h2
          className="reviews__title"
        >
          Reviews · 
          <span
            className="reviews__amount"
          >
            0
          </span>
        </h2>
        <ul
          className="reviews__list"
        />
        
      </section>
    </div>
  </div>
  <section
    className="property__map map"
  >
    <div
      id="map"
      style={
        Object {
          "height": "100%",
        }
      }
    />
  </section>
</section>
`;
